<html>
<body>
<pre>
<h1>µVision Build Log</h1>
<h2>Project:</h2>
C:\Users\Administrator\Documents\coding\arm\LDR.uvproj
Project File Date:  12/21/2024

<h2>Output:</h2>
Build target 'Target 1'
compiling main.c...
linking...
Program Size: Code=2664 RO-data=32 RW-data=8 ZI-data=1256  
FromELF: creating hex file...
".\LDR.axf" - 0 Error(s), 0 Warning(s).
ata=32 RW-data=8 ZI-data=1256  
FromELF: creating hex file...
".\LDR.axf" - 0 Error(s), 1 Warning(s).
ing:  #223-D: function "process_product" declared implicitly
                  process_product(3);
main.c(86): warning:  #223-D: function "process_product" declared implicitly
                  process_product(4);
main.c(97): error:  #159: declaration is incompatible with previous "process_product" (declared at line 74)
  void process_product(int p_no)
main.c(102): error:  #167: argument of type "const char *" is incompatible with parameter of type "char *"
      LCD_String(product_names[p_no]);
main.c(308): warning:  #1-D: last line of file ends without a newline
  }
main.c: 5 warnings, 2 errors
".\LDR.axf" - 2 Error(s), 5 Warning(s).
Target not created
eady been defined
  void LCD_CHAR(char data)
main.c: 1 warning, 9 errors
".\LDR.axf" - 9 Error(s), 1 Warning(s).
Target not created
